Archive member included because of file (symbol)

C:\CSR_uEnergy_SDK-2.6.0.10\tools\lib\CSR101x_A05\libgatt_lib_ram.a(patch_ls_advertising_if.o)
                              depend_Debug_CSR101x_A05\app_main.o (LsStoreAdvScanData)
C:\CSR_uEnergy_SDK-2.6.0.10\tools\lib\CSR101x_A05\libgatt_lib_ram.a(gatt_ram.o)
                              depend_Debug_CSR101x_A05\app_main.o (GattInit)
C:\CSR_uEnergy_SDK-2.6.0.10\tools\lib\CSR101x_A05\libgatt_lib_ram.a(sm_ram.o)
                              C:\CSR_uEnergy_SDK-2.6.0.10\tools\lib\CSR101x_A05\libgatt_lib_ram.a(gatt_ram.o) (___libgatt_lib_db_476)
C:\CSR_uEnergy_SDK-2.6.0.10\tools\lib\CSR101x_A05\libgatt_lib_ram.a(patch_sm.o)
                              C:\CSR_uEnergy_SDK-2.6.0.10\tools\lib\CSR101x_A05\libgatt_lib_ram.a(sm_ram.o) (sm_pairing_auth_ind)
C:\CSR_uEnergy_SDK-2.6.0.10\tools\lib\CSR101x_A05\libgatt_lib_ram.a(debug.o)
                              depend_Debug_CSR101x_A05\app_debug.o (DebugWriteString)
C:\CSR_uEnergy_SDK-2.6.0.10\tools\lib\CSR101x_A05\libgatt_lib_ram.a(patch_uart.o)
                              C:\CSR_uEnergy_SDK-2.6.0.10\tools\lib\CSR101x_A05\libgatt_lib_ram.a(debug.o) (UartWriteBlocking)
C:\CSR_uEnergy_SDK-2.6.0.10\tools\lib\CSR101x_A05\libgatt_lib_ram.a(main_ram.o)
                              (main_ram_app_init)
C:\CSR_uEnergy_SDK-2.6.0.10\tools\lib\CSR101x_A05\libgatt_lib_ram.a(hw_patch_install.o)
                              C:\CSR_uEnergy_SDK-2.6.0.10\tools\lib\CSR101x_A05\libgatt_lib_ram.a(main_ram.o) (___libgatt_lib_db_4364)
C:\CSR_uEnergy_SDK-2.6.0.10\tools\lib\CSR101x_A05\libgatt_lib_ram.a(patch_baldrick.o)
                              (hw_patch)
C:\CSR_uEnergy_SDK-2.6.0.10\tools\lib\CSR101x_A05\libgatt_lib_ram.a(id_ram.o)
                              C:\CSR_uEnergy_SDK-2.6.0.10\tools\lib\CSR101x_A05\libgatt_lib_ram.a(main_ram.o) (ram_build_identifier_integer)
C:\CSR_uEnergy_SDK-2.6.0.10\tools\lib\CSR101x_A05\libgatt_lib_ram.a(slut.o)
                              (slut)
C:\CSR_uEnergy_SDK-2.6.0.10\tools\lib\CSR101x_A05\libgatt_lib_ram.a(sw_patch_ram.o)
                              (patch_bitmap)
C:\CSR_uEnergy_SDK-2.6.0.10\tools\lib\CSR101x_A05\libgatt_lib_ram.a(CONFIG_STORE.o)
                              (___libgatt_lib_db_4269)
C:\CSR_uEnergy_SDK-2.6.0.10\tools\lib\CSR101x_A05\libgatt_lib_ram.a(.romradiodata.o)
                              (DATA_TIMERSTRUCT_START)
C:\CSR_uEnergy_SDK-2.6.0.10\tools\lib\CSR101x_A05\libgatt_lib_ram.a(patch_ls_app_if.o)
                              C:\CSR_uEnergy_SDK-2.6.0.10\tools\lib\CSR101x_A05\libgatt_lib_ram.a(gatt_ram.o) (___libgatt_lib_db_4554)
C:\CSR_uEnergy_SDK-2.6.0.10\tools\lib\CSR101x_A05\libgatt_lib_ram.a(patch_ls_l2cap_if.o)
                              C:\CSR_uEnergy_SDK-2.6.0.10\tools\lib\CSR101x_A05\libgatt_lib_ram.a(sw_patch_ram.o) (___libgatt_lib_db_4568)
C:\CSR_uEnergy_SDK-2.6.0.10\tools\lib\CSR101x_A05\libgatt_lib_ram.a(patch_l2cap.o)
                              C:\CSR_uEnergy_SDK-2.6.0.10\tools\lib\CSR101x_A05\libgatt_lib_ram.a(patch_ls_app_if.o) (___libgatt_lib_db_4573)
C:\CSR_uEnergy_SDK-2.6.0.10\tools\lib\CSR101x_A05\libgatt_lib_ram.a(patch_att_install.o)
                              C:\CSR_uEnergy_SDK-2.6.0.10\tools\lib\CSR101x_A05\libgatt_lib_ram.a(sw_patch_ram.o) (___libgatt_lib_db_4576)
C:\CSR_uEnergy_SDK-2.6.0.10\tools\lib\CSR101x_A05\libgatt_lib_ram.a(patch_sm_l2cap.o)
                              C:\CSR_uEnergy_SDK-2.6.0.10\tools\lib\CSR101x_A05\libgatt_lib_ram.a(patch_l2cap.o) (___libgatt_lib_db_4604)
C:\CSR_uEnergy_SDK-2.6.0.10\tools\lib\CSR101x_A05\libgatt_lib_ram.a(patch_george.o)
                              C:\CSR_uEnergy_SDK-2.6.0.10\tools\lib\CSR101x_A05\libgatt_lib_ram.a(patch_ls_app_if.o) (___libgatt_lib_db_4610)
C:\CSR_uEnergy_SDK-2.6.0.10\tools\lib\CSR101x_A05\libgatt_lib_ram.a(patch_george_ll.o)
                              C:\CSR_uEnergy_SDK-2.6.0.10\tools\lib\CSR101x_A05\libgatt_lib_ram.a(sw_patch_ram.o) (___libgatt_lib_db_4626)
C:\CSR_uEnergy_SDK-2.6.0.10\tools\lib\CSR101x_A05\libgatt_lib_ram.a(patch_george_adv.o)
                              C:\CSR_uEnergy_SDK-2.6.0.10\tools\lib\CSR101x_A05\libgatt_lib_ram.a(sw_patch_ram.o) (___libgatt_lib_db_4632)
C:\CSR_uEnergy_SDK-2.6.0.10\tools\lib\CSR101x_A05\libgatt_lib_ram.a(patch_dbase.o)
                              C:\CSR_uEnergy_SDK-2.6.0.10\tools\lib\CSR101x_A05\libgatt_lib_ram.a(patch_george.o) (___libgatt_lib_db_4642)
C:\CSR_uEnergy_SDK-2.6.0.10\tools\lib\CSR101x_A05\libgatt_lib_ram.a(hal_debugbus_state.o)
                              C:\CSR_uEnergy_SDK-2.6.0.10\tools\lib\CSR101x_A05\libgatt_lib_ram.a(patch_george.o) (___libgatt_lib_db_4651)
C:\CSR_uEnergy_SDK-2.6.0.10\tools\lib\CSR101x_A05\libgatt_lib_ram.a(patch_halradiotrim.o)
                              C:\CSR_uEnergy_SDK-2.6.0.10\tools\lib\CSR101x_A05\libgatt_lib_ram.a(sw_patch_ram.o) (___libgatt_lib_db_4206)
C:\CSR_uEnergy_SDK-2.6.0.10\tools\lib\CSR101x_A05\libgatt_lib_ram.a(patch_halradio.o)
                              C:\CSR_uEnergy_SDK-2.6.0.10\tools\lib\CSR101x_A05\libgatt_lib_ram.a(sw_patch_ram.o) (___libgatt_lib_db_4663)
C:\CSR_uEnergy_SDK-2.6.0.10\tools\lib\CSR101x_A05\libgatt_lib_ram.a(patch_timer.o)
                              C:\CSR_uEnergy_SDK-2.6.0.10\tools\lib\CSR101x_A05\libgatt_lib_ram.a(sw_patch_ram.o) (___libgatt_lib_db_4665)
C:\CSR_uEnergy_SDK-2.6.0.10\tools\lib\CSR101x_A05\libgatt_lib_ram.a(patch_sleep.o)
                              C:\CSR_uEnergy_SDK-2.6.0.10\tools\lib\CSR101x_A05\libgatt_lib_ram.a(sw_patch_ram.o) (___libgatt_lib_db_4668)
C:\CSR_uEnergy_SDK-2.6.0.10\tools\lib\CSR101x_A05\libgatt_lib_ram.a(patch_reset.o)
                              C:\CSR_uEnergy_SDK-2.6.0.10\tools\lib\CSR101x_A05\libgatt_lib_ram.a(sw_patch_ram.o) (___libgatt_lib_db_4207)
C:\CSR_uEnergy_SDK-2.6.0.10\tools\lib\CSR101x_A05\libgatt_lib_ram.a(patch_pools.o)
                              C:\CSR_uEnergy_SDK-2.6.0.10\tools\lib\CSR101x_A05\libgatt_lib_ram.a(sw_patch_ram.o) (___libgatt_lib_db_4670)
C:\CSR_uEnergy_SDK-2.6.0.10\tools\lib\CSR101x_A05\libgatt_lib_ram.a(patch_background_loop.o)
                              C:\CSR_uEnergy_SDK-2.6.0.10\tools\lib\CSR101x_A05\libgatt_lib_ram.a(sw_patch_ram.o) (___libgatt_lib_db_4673)
C:\CSR_uEnergy_SDK-2.6.0.10\tools\lib\CSR101x_A05\libgatt_lib_ram.a(patch_fault.o)
                              C:\CSR_uEnergy_SDK-2.6.0.10\tools\lib\CSR101x_A05\libgatt_lib_ram.a(sw_patch_ram.o) (___libgatt_lib_db_4675)
C:\CSR_uEnergy_SDK-2.6.0.10\tools\lib\CSR101x_A05\libgatt_lib_ram.a(patch_pmu.o)
                              C:\CSR_uEnergy_SDK-2.6.0.10\tools\lib\CSR101x_A05\libgatt_lib_ram.a(sw_patch_ram.o) (___libgatt_lib_db_4693)
C:\CSR_uEnergy_SDK-2.6.0.10\tools\lib\CSR101x_A05\libgatt_lib_ram.a(patch_thermometer.o)
                              C:\CSR_uEnergy_SDK-2.6.0.10\tools\lib\CSR101x_A05\libgatt_lib_ram.a(sw_patch_ram.o) (___libgatt_lib_db_4214)
C:\CSR_uEnergy_SDK-2.6.0.10\tools\lib\CSR101x_A05\libgatt_lib_ram.a(patch_updates.o)
                              C:\CSR_uEnergy_SDK-2.6.0.10\tools\lib\CSR101x_A05\libgatt_lib_ram.a(sw_patch_ram.o) (___libgatt_lib_db_4706)
C:\CSR_uEnergy_SDK-2.6.0.10\tools\lib\CSR101x_A05\libgatt_lib_ram.a(patch_adc.o)
                              C:\CSR_uEnergy_SDK-2.6.0.10\tools\lib\CSR101x_A05\libgatt_lib_ram.a(patch_pmu.o) (___libgatt_lib_db_4708)

Allocating common symbols
Common symbol       size              file

broadcast_tid       0x1               depend_Debug_CSR101x_A05\app_main.o
sm_long_term_key_ind
                    0x1               C:\CSR_uEnergy_SDK-2.6.0.10\tools\lib\CSR101x_A05\libgatt_lib_ram.a(patch_sm.o)
sm_pairing_auth_ind
                    0x1               C:\CSR_uEnergy_SDK-2.6.0.10\tools\lib\CSR101x_A05\libgatt_lib_ram.a(patch_sm.o)
enable_lowduty_directed_adv
                    0x1               C:\CSR_uEnergy_SDK-2.6.0.10\tools\lib\CSR101x_A05\libgatt_lib_ram.a(patch_george.o)
priorAdvData        0x9               depend_Debug_CSR101x_A05\app_main.o
george_earliest_transmit_offset
                    0x3               C:\CSR_uEnergy_SDK-2.6.0.10\tools\lib\CSR101x_A05\libgatt_lib_ram.a(patch_george_ll.o)
advData             0x9               depend_Debug_CSR101x_A05\app_main.o

Discarded input sections

 .text          0x00000000        0x0 depend_Debug_CSR101x_A05\app_debug.o
 .data          0x00000000        0x0 depend_Debug_CSR101x_A05\app_debug.o
 .bss           0x00000000        0x0 depend_Debug_CSR101x_A05\app_debug.o
 .rodata        0x00000000        0x0 depend_Debug_CSR101x_A05\app_debug.o
 .text.itoa     0x00000000        0x0 depend_Debug_CSR101x_A05\app_debug.o
 .text.AppDebugWriteBdAddress
                0x00000000        0x0 depend_Debug_CSR101x_A05\app_debug.o
 .text.AppDebugWriteInt
                0x00000000        0x0 depend_Debug_CSR101x_A05\app_debug.o
 .text.AppDebugWriteUuid128
                0x00000000        0x0 depend_Debug_CSR101x_A05\app_debug.o
 .text          0x00000000        0x0 depend_Debug_CSR101x_A05\app_main.o
 .data          0x00000000        0x0 depend_Debug_CSR101x_A05\app_main.o
 .bss           0x00000000        0x0 depend_Debug_CSR101x_A05\app_main.o
 .text          0x00000000        0x0 C:\CSR_uEnergy_SDK-2.6.0.10\tools\lib\CSR101x_A05\libgatt_lib_ram.a(patch_ls_advertising_if.o)
 .data          0x00000000        0x0 C:\CSR_uEnergy_SDK-2.6.0.10\tools\lib\CSR101x_A05\libgatt_lib_ram.a(patch_ls_advertising_if.o)
 .bss           0x00000000        0x0 C:\CSR_uEnergy_SDK-2.6.0.10\tools\lib\CSR101x_A05\libgatt_lib_ram.a(patch_ls_advertising_if.o)
 .text.LsStoreAdvDataNoAdFlags
                0x00000000        0x0 C:\CSR_uEnergy_SDK-2.6.0.10\tools\lib\CSR101x_A05\libgatt_lib_ram.a(patch_ls_advertising_if.o)
 .text          0x00000000        0x0 C:\CSR_uEnergy_SDK-2.6.0.10\tools\lib\CSR101x_A05\libgatt_lib_ram.a(gatt_ram.o)
 .data          0x00000000        0x0 C:\CSR_uEnergy_SDK-2.6.0.10\tools\lib\CSR101x_A05\libgatt_lib_ram.a(gatt_ram.o)
 .bss           0x00000000        0x0 C:\CSR_uEnergy_SDK-2.6.0.10\tools\lib\CSR101x_A05\libgatt_lib_ram.a(gatt_ram.o)
 .data          0x00000000        0x0 C:\CSR_uEnergy_SDK-2.6.0.10\tools\lib\CSR101x_A05\libgatt_lib_ram.a(sm_ram.o)
 .bss           0x00000000        0x0 C:\CSR_uEnergy_SDK-2.6.0.10\tools\lib\CSR101x_A05\libgatt_lib_ram.a(sm_ram.o)
 .data          0x00000000        0x0 C:\CSR_uEnergy_SDK-2.6.0.10\tools\lib\CSR101x_A05\libgatt_lib_ram.a(patch_sm.o)
 .text          0x00000000        0x0 C:\CSR_uEnergy_SDK-2.6.0.10\tools\lib\CSR101x_A05\libgatt_lib_ram.a(debug.o)
 .data          0x00000000        0x0 C:\CSR_uEnergy_SDK-2.6.0.10\tools\lib\CSR101x_A05\libgatt_lib_ram.a(debug.o)
 .bss           0x00000000        0x0 C:\CSR_uEnergy_SDK-2.6.0.10\tools\lib\CSR101x_A05\libgatt_lib_ram.a(debug.o)
 .text.DebugWriteTime48
                0x00000000        0x0 C:\CSR_uEnergy_SDK-2.6.0.10\tools\lib\CSR101x_A05\libgatt_lib_ram.a(debug.o)
 .text.DebugWriteUint32
                0x00000000        0x0 C:\CSR_uEnergy_SDK-2.6.0.10\tools\lib\CSR101x_A05\libgatt_lib_ram.a(debug.o)
 .text.DebugWriteChar
                0x00000000        0x0 C:\CSR_uEnergy_SDK-2.6.0.10\tools\lib\CSR101x_A05\libgatt_lib_ram.a(debug.o)
 .text          0x00000000        0x0 C:\CSR_uEnergy_SDK-2.6.0.10\tools\lib\CSR101x_A05\libgatt_lib_ram.a(patch_uart.o)
 .data          0x00000000        0x0 C:\CSR_uEnergy_SDK-2.6.0.10\tools\lib\CSR101x_A05\libgatt_lib_ram.a(patch_uart.o)
 .bss           0x00000000        0x0 C:\CSR_uEnergy_SDK-2.6.0.10\tools\lib\CSR101x_A05\libgatt_lib_ram.a(patch_uart.o)
 .text          0x00000000        0x0 C:\CSR_uEnergy_SDK-2.6.0.10\tools\lib\CSR101x_A05\libgatt_lib_ram.a(main_ram.o)
 .data          0x00000000        0x0 C:\CSR_uEnergy_SDK-2.6.0.10\tools\lib\CSR101x_A05\libgatt_lib_ram.a(main_ram.o)
 .bss           0x00000000        0x0 C:\CSR_uEnergy_SDK-2.6.0.10\tools\lib\CSR101x_A05\libgatt_lib_ram.a(main_ram.o)
 .text          0x00000000        0x0 C:\CSR_uEnergy_SDK-2.6.0.10\tools\lib\CSR101x_A05\libgatt_lib_ram.a(hw_patch_install.o)
 .data          0x00000000        0x0 C:\CSR_uEnergy_SDK-2.6.0.10\tools\lib\CSR101x_A05\libgatt_lib_ram.a(hw_patch_install.o)
 .bss           0x00000000        0x0 C:\CSR_uEnergy_SDK-2.6.0.10\tools\lib\CSR101x_A05\libgatt_lib_ram.a(hw_patch_install.o)
 .text          0x00000000        0x0 C:\CSR_uEnergy_SDK-2.6.0.10\tools\lib\CSR101x_A05\libgatt_lib_ram.a(patch_baldrick.o)
 .data          0x00000000        0x0 C:\CSR_uEnergy_SDK-2.6.0.10\tools\lib\CSR101x_A05\libgatt_lib_ram.a(patch_baldrick.o)
 .bss           0x00000000        0x0 C:\CSR_uEnergy_SDK-2.6.0.10\tools\lib\CSR101x_A05\libgatt_lib_ram.a(patch_baldrick.o)
 .text          0x00000000        0x0 C:\CSR_uEnergy_SDK-2.6.0.10\tools\lib\CSR101x_A05\libgatt_lib_ram.a(id_ram.o)
 .data          0x00000000        0x0 C:\CSR_uEnergy_SDK-2.6.0.10\tools\lib\CSR101x_A05\libgatt_lib_ram.a(id_ram.o)
 .bss           0x00000000        0x0 C:\CSR_uEnergy_SDK-2.6.0.10\tools\lib\CSR101x_A05\libgatt_lib_ram.a(id_ram.o)
 .text          0x00000000        0x0 C:\CSR_uEnergy_SDK-2.6.0.10\tools\lib\CSR101x_A05\libgatt_lib_ram.a(slut.o)
 .data          0x00000000        0x0 C:\CSR_uEnergy_SDK-2.6.0.10\tools\lib\CSR101x_A05\libgatt_lib_ram.a(slut.o)
 .bss           0x00000000        0x0 C:\CSR_uEnergy_SDK-2.6.0.10\tools\lib\CSR101x_A05\libgatt_lib_ram.a(slut.o)
 .text          0x00000000        0x0 C:\CSR_uEnergy_SDK-2.6.0.10\tools\lib\CSR101x_A05\libgatt_lib_ram.a(sw_patch_ram.o)
 .data          0x00000000        0x0 C:\CSR_uEnergy_SDK-2.6.0.10\tools\lib\CSR101x_A05\libgatt_lib_ram.a(sw_patch_ram.o)
 .bss           0x00000000        0x0 C:\CSR_uEnergy_SDK-2.6.0.10\tools\lib\CSR101x_A05\libgatt_lib_ram.a(sw_patch_ram.o)
 .text          0x00000000        0x0 C:\CSR_uEnergy_SDK-2.6.0.10\tools\lib\CSR101x_A05\libgatt_lib_ram.a(patch_ls_app_if.o)
 .data          0x00000000        0x0 C:\CSR_uEnergy_SDK-2.6.0.10\tools\lib\CSR101x_A05\libgatt_lib_ram.a(patch_ls_app_if.o)
 .bss           0x00000000        0x0 C:\CSR_uEnergy_SDK-2.6.0.10\tools\lib\CSR101x_A05\libgatt_lib_ram.a(patch_ls_app_if.o)
 .text.LsReadRssi
                0x00000000        0x0 C:\CSR_uEnergy_SDK-2.6.0.10\tools\lib\CSR101x_A05\libgatt_lib_ram.a(patch_ls_app_if.o)
 .text.LsSetTgapConnParamTimeout
                0x00000000        0x0 C:\CSR_uEnergy_SDK-2.6.0.10\tools\lib\CSR101x_A05\libgatt_lib_ram.a(patch_ls_app_if.o)
 .text.LsRxTimingReport
                0x00000000        0x0 C:\CSR_uEnergy_SDK-2.6.0.10\tools\lib\CSR101x_A05\libgatt_lib_ram.a(patch_ls_app_if.o)
 .text.LsHoldTxUntilRx
                0x00000000        0x0 C:\CSR_uEnergy_SDK-2.6.0.10\tools\lib\CSR101x_A05\libgatt_lib_ram.a(patch_ls_app_if.o)
 .text.LsRadioEventNotification
                0x00000000        0x0 C:\CSR_uEnergy_SDK-2.6.0.10\tools\lib\CSR101x_A05\libgatt_lib_ram.a(patch_ls_app_if.o)
 .text          0x00000000        0x0 C:\CSR_uEnergy_SDK-2.6.0.10\tools\lib\CSR101x_A05\libgatt_lib_ram.a(patch_ls_l2cap_if.o)
 .data          0x00000000        0x0 C:\CSR_uEnergy_SDK-2.6.0.10\tools\lib\CSR101x_A05\libgatt_lib_ram.a(patch_ls_l2cap_if.o)
 .bss           0x00000000        0x0 C:\CSR_uEnergy_SDK-2.6.0.10\tools\lib\CSR101x_A05\libgatt_lib_ram.a(patch_ls_l2cap_if.o)
 .text          0x00000000        0x0 C:\CSR_uEnergy_SDK-2.6.0.10\tools\lib\CSR101x_A05\libgatt_lib_ram.a(patch_l2cap.o)
 .data          0x00000000        0x0 C:\CSR_uEnergy_SDK-2.6.0.10\tools\lib\CSR101x_A05\libgatt_lib_ram.a(patch_l2cap.o)
 .bss           0x00000000        0x0 C:\CSR_uEnergy_SDK-2.6.0.10\tools\lib\CSR101x_A05\libgatt_lib_ram.a(patch_l2cap.o)
 .text          0x00000000        0x0 C:\CSR_uEnergy_SDK-2.6.0.10\tools\lib\CSR101x_A05\libgatt_lib_ram.a(patch_att_install.o)
 .data          0x00000000        0x0 C:\CSR_uEnergy_SDK-2.6.0.10\tools\lib\CSR101x_A05\libgatt_lib_ram.a(patch_att_install.o)
 .bss           0x00000000        0x0 C:\CSR_uEnergy_SDK-2.6.0.10\tools\lib\CSR101x_A05\libgatt_lib_ram.a(patch_att_install.o)
 .data          0x00000000        0x0 C:\CSR_uEnergy_SDK-2.6.0.10\tools\lib\CSR101x_A05\libgatt_lib_ram.a(patch_sm_l2cap.o)
 .text          0x00000000        0x0 C:\CSR_uEnergy_SDK-2.6.0.10\tools\lib\CSR101x_A05\libgatt_lib_ram.a(patch_george.o)
 .data          0x00000000        0x0 C:\CSR_uEnergy_SDK-2.6.0.10\tools\lib\CSR101x_A05\libgatt_lib_ram.a(patch_george.o)
 .bss           0x00000000        0x0 C:\CSR_uEnergy_SDK-2.6.0.10\tools\lib\CSR101x_A05\libgatt_lib_ram.a(patch_george.o)
 .text.___libgatt_lib_db_4610
                0x00000000        0x0 C:\CSR_uEnergy_SDK-2.6.0.10\tools\lib\CSR101x_A05\libgatt_lib_ram.a(patch_george.o)
 .text.___libgatt_lib_db_4612
                0x00000000        0x0 C:\CSR_uEnergy_SDK-2.6.0.10\tools\lib\CSR101x_A05\libgatt_lib_ram.a(patch_george.o)
 .text.___libgatt_lib_db_4609
                0x00000000        0x0 C:\CSR_uEnergy_SDK-2.6.0.10\tools\lib\CSR101x_A05\libgatt_lib_ram.a(patch_george.o)
 .text.___libgatt_lib_db_4611
                0x00000000        0x0 C:\CSR_uEnergy_SDK-2.6.0.10\tools\lib\CSR101x_A05\libgatt_lib_ram.a(patch_george.o)
 .text          0x00000000        0x0 C:\CSR_uEnergy_SDK-2.6.0.10\tools\lib\CSR101x_A05\libgatt_lib_ram.a(patch_george_ll.o)
 .data          0x00000000        0x0 C:\CSR_uEnergy_SDK-2.6.0.10\tools\lib\CSR101x_A05\libgatt_lib_ram.a(patch_george_ll.o)
 .bss           0x00000000        0x0 C:\CSR_uEnergy_SDK-2.6.0.10\tools\lib\CSR101x_A05\libgatt_lib_ram.a(patch_george_ll.o)
 .text          0x00000000        0x0 C:\CSR_uEnergy_SDK-2.6.0.10\tools\lib\CSR101x_A05\libgatt_lib_ram.a(patch_george_adv.o)
 .data          0x00000000        0x0 C:\CSR_uEnergy_SDK-2.6.0.10\tools\lib\CSR101x_A05\libgatt_lib_ram.a(patch_george_adv.o)
 .bss           0x00000000        0x0 C:\CSR_uEnergy_SDK-2.6.0.10\tools\lib\CSR101x_A05\libgatt_lib_ram.a(patch_george_adv.o)
 .text          0x00000000        0x0 C:\CSR_uEnergy_SDK-2.6.0.10\tools\lib\CSR101x_A05\libgatt_lib_ram.a(patch_dbase.o)
 .data          0x00000000        0x0 C:\CSR_uEnergy_SDK-2.6.0.10\tools\lib\CSR101x_A05\libgatt_lib_ram.a(patch_dbase.o)
 .bss           0x00000000        0x0 C:\CSR_uEnergy_SDK-2.6.0.10\tools\lib\CSR101x_A05\libgatt_lib_ram.a(patch_dbase.o)
 .text.___libgatt_lib_db_4640
                0x00000000        0x0 C:\CSR_uEnergy_SDK-2.6.0.10\tools\lib\CSR101x_A05\libgatt_lib_ram.a(patch_dbase.o)
 .text          0x00000000        0x0 C:\CSR_uEnergy_SDK-2.6.0.10\tools\lib\CSR101x_A05\libgatt_lib_ram.a(hal_debugbus_state.o)
 .data          0x00000000        0x0 C:\CSR_uEnergy_SDK-2.6.0.10\tools\lib\CSR101x_A05\libgatt_lib_ram.a(hal_debugbus_state.o)
 .bss           0x00000000        0x0 C:\CSR_uEnergy_SDK-2.6.0.10\tools\lib\CSR101x_A05\libgatt_lib_ram.a(hal_debugbus_state.o)
 .text          0x00000000        0x0 C:\CSR_uEnergy_SDK-2.6.0.10\tools\lib\CSR101x_A05\libgatt_lib_ram.a(patch_halradiotrim.o)
 .data          0x00000000        0x0 C:\CSR_uEnergy_SDK-2.6.0.10\tools\lib\CSR101x_A05\libgatt_lib_ram.a(patch_halradiotrim.o)
 .bss           0x00000000        0x0 C:\CSR_uEnergy_SDK-2.6.0.10\tools\lib\CSR101x_A05\libgatt_lib_ram.a(patch_halradiotrim.o)
 .text.___libgatt_lib_db_4656
                0x00000000        0x0 C:\CSR_uEnergy_SDK-2.6.0.10\tools\lib\CSR101x_A05\libgatt_lib_ram.a(patch_halradiotrim.o)
 .text.___libgatt_lib_db_4016
                0x00000000        0x0 C:\CSR_uEnergy_SDK-2.6.0.10\tools\lib\CSR101x_A05\libgatt_lib_ram.a(patch_halradiotrim.o)
 .text.___libgatt_lib_db_4654
                0x00000000        0x0 C:\CSR_uEnergy_SDK-2.6.0.10\tools\lib\CSR101x_A05\libgatt_lib_ram.a(patch_halradiotrim.o)
 .text          0x00000000        0x0 C:\CSR_uEnergy_SDK-2.6.0.10\tools\lib\CSR101x_A05\libgatt_lib_ram.a(patch_halradio.o)
 .data          0x00000000        0x0 C:\CSR_uEnergy_SDK-2.6.0.10\tools\lib\CSR101x_A05\libgatt_lib_ram.a(patch_halradio.o)
 .bss           0x00000000        0x0 C:\CSR_uEnergy_SDK-2.6.0.10\tools\lib\CSR101x_A05\libgatt_lib_ram.a(patch_halradio.o)
 .text          0x00000000        0x0 C:\CSR_uEnergy_SDK-2.6.0.10\tools\lib\CSR101x_A05\libgatt_lib_ram.a(patch_timer.o)
 .data          0x00000000        0x0 C:\CSR_uEnergy_SDK-2.6.0.10\tools\lib\CSR101x_A05\libgatt_lib_ram.a(patch_timer.o)
 .bss           0x00000000        0x0 C:\CSR_uEnergy_SDK-2.6.0.10\tools\lib\CSR101x_A05\libgatt_lib_ram.a(patch_timer.o)
 .text          0x00000000        0x0 C:\CSR_uEnergy_SDK-2.6.0.10\tools\lib\CSR101x_A05\libgatt_lib_ram.a(patch_sleep.o)
 .data          0x00000000        0x0 C:\CSR_uEnergy_SDK-2.6.0.10\tools\lib\CSR101x_A05\libgatt_lib_ram.a(patch_sleep.o)
 .bss           0x00000000        0x0 C:\CSR_uEnergy_SDK-2.6.0.10\tools\lib\CSR101x_A05\libgatt_lib_ram.a(patch_sleep.o)
 .text          0x00000000        0x0 C:\CSR_uEnergy_SDK-2.6.0.10\tools\lib\CSR101x_A05\libgatt_lib_ram.a(patch_reset.o)
 .data          0x00000000        0x0 C:\CSR_uEnergy_SDK-2.6.0.10\tools\lib\CSR101x_A05\libgatt_lib_ram.a(patch_reset.o)
 .bss           0x00000000        0x0 C:\CSR_uEnergy_SDK-2.6.0.10\tools\lib\CSR101x_A05\libgatt_lib_ram.a(patch_reset.o)
 .text          0x00000000        0x0 C:\CSR_uEnergy_SDK-2.6.0.10\tools\lib\CSR101x_A05\libgatt_lib_ram.a(patch_pools.o)
 .data          0x00000000        0x0 C:\CSR_uEnergy_SDK-2.6.0.10\tools\lib\CSR101x_A05\libgatt_lib_ram.a(patch_pools.o)
 .bss           0x00000000        0x0 C:\CSR_uEnergy_SDK-2.6.0.10\tools\lib\CSR101x_A05\libgatt_lib_ram.a(patch_pools.o)
 .text          0x00000000        0x0 C:\CSR_uEnergy_SDK-2.6.0.10\tools\lib\CSR101x_A05\libgatt_lib_ram.a(patch_background_loop.o)
 .data          0x00000000        0x0 C:\CSR_uEnergy_SDK-2.6.0.10\tools\lib\CSR101x_A05\libgatt_lib_ram.a(patch_background_loop.o)
 .bss           0x00000000        0x0 C:\CSR_uEnergy_SDK-2.6.0.10\tools\lib\CSR101x_A05\libgatt_lib_ram.a(patch_background_loop.o)
 .text          0x00000000        0x0 C:\CSR_uEnergy_SDK-2.6.0.10\tools\lib\CSR101x_A05\libgatt_lib_ram.a(patch_fault.o)
 .data          0x00000000        0x0 C:\CSR_uEnergy_SDK-2.6.0.10\tools\lib\CSR101x_A05\libgatt_lib_ram.a(patch_fault.o)
 .bss           0x00000000        0x0 C:\CSR_uEnergy_SDK-2.6.0.10\tools\lib\CSR101x_A05\libgatt_lib_ram.a(patch_fault.o)
 .text.PanicReadFwFault
                0x00000000        0x0 C:\CSR_uEnergy_SDK-2.6.0.10\tools\lib\CSR101x_A05\libgatt_lib_ram.a(patch_fault.o)
 .text.PanicClearFwFault
                0x00000000        0x0 C:\CSR_uEnergy_SDK-2.6.0.10\tools\lib\CSR101x_A05\libgatt_lib_ram.a(patch_fault.o)
 .bss.__PATCH__ZERO_
                0x00000000        0x0 C:\CSR_uEnergy_SDK-2.6.0.10\tools\lib\CSR101x_A05\libgatt_lib_ram.a(patch_fault.o)
 .text          0x00000000        0x0 C:\CSR_uEnergy_SDK-2.6.0.10\tools\lib\CSR101x_A05\libgatt_lib_ram.a(patch_pmu.o)
 .data          0x00000000        0x0 C:\CSR_uEnergy_SDK-2.6.0.10\tools\lib\CSR101x_A05\libgatt_lib_ram.a(patch_pmu.o)
 .bss           0x00000000        0x0 C:\CSR_uEnergy_SDK-2.6.0.10\tools\lib\CSR101x_A05\libgatt_lib_ram.a(patch_pmu.o)
 .text          0x00000000        0x0 C:\CSR_uEnergy_SDK-2.6.0.10\tools\lib\CSR101x_A05\libgatt_lib_ram.a(patch_thermometer.o)
 .data          0x00000000        0x0 C:\CSR_uEnergy_SDK-2.6.0.10\tools\lib\CSR101x_A05\libgatt_lib_ram.a(patch_thermometer.o)
 .bss           0x00000000        0x0 C:\CSR_uEnergy_SDK-2.6.0.10\tools\lib\CSR101x_A05\libgatt_lib_ram.a(patch_thermometer.o)
 .text          0x00000000        0x0 C:\CSR_uEnergy_SDK-2.6.0.10\tools\lib\CSR101x_A05\libgatt_lib_ram.a(patch_updates.o)
 .data          0x00000000        0x0 C:\CSR_uEnergy_SDK-2.6.0.10\tools\lib\CSR101x_A05\libgatt_lib_ram.a(patch_updates.o)
 .bss           0x00000000        0x0 C:\CSR_uEnergy_SDK-2.6.0.10\tools\lib\CSR101x_A05\libgatt_lib_ram.a(patch_updates.o)
 .text          0x00000000        0x0 C:\CSR_uEnergy_SDK-2.6.0.10\tools\lib\CSR101x_A05\libgatt_lib_ram.a(patch_adc.o)
 .data          0x00000000        0x0 C:\CSR_uEnergy_SDK-2.6.0.10\tools\lib\CSR101x_A05\libgatt_lib_ram.a(patch_adc.o)
 .bss           0x00000000        0x0 C:\CSR_uEnergy_SDK-2.6.0.10\tools\lib\CSR101x_A05\libgatt_lib_ram.a(patch_adc.o)

Memory Configuration

Name             Origin             Length             Attributes
*default*        0x00000000         0xffffffff

Linker script and memory map

LOAD depend_Debug_CSR101x_A05\app_debug.o
LOAD depend_Debug_CSR101x_A05\app_main.o
LOAD C:\CSR_uEnergy_SDK-2.6.0.10\tools\lib\otau\libotau_eeprom.a
LOAD C:\CSR_uEnergy_SDK-2.6.0.10\tools\lib\CSR101x_A05\libgatt_lib_ram.a
LOAD C:\CSR_uEnergy_SDK-2.6.0.10\tools\lib\CSR101x_A05\rom_img.elf
                0x00000000                PROG_RAM_START = 0x0
                0x00008000                PROG_RAM_SIZE = 0x8000
                0x00008000                PROG_ROM_START = 0x8000
                0x00008000                PROG_ROM_SIZE = 0x8000
                0x00002000                DATA_RAM_START = 0x2000
                0x00008000                DATA_RAM_SIZE = 0x8000
                0x000001b0                RADIOBUFS_SIZE = 0x1b0
                0x00000020                WHITELIST_SIZE = 0x20
                0x00000164                RADIODATA_SIZE = 0x164
                0x00000200                USTACK_SIZE = 0x200
                0x00000100                ISTACK_SIZE = 0x100
                0x00009f84                DATA_CSTORE_START = 0x9f84
                0x00000058                CSTORE_SIZE = 0x58
                0x00000004                SLT_SIZE = 0x4
                0x00000020                PRESERVE_SIZE = 0x20
                0x0000a000                DATA_RAM_END = 0xa000
                0x0000a000                DATA_ROM_START = 0xa000
                0x00004000                DATA_ROM_SIZE = 0x4000
                0x0000ef80                DATA_PERSIST_START = 0xef80
                0x00000080                DATA_PERSIST_SIZE = 0x80
                0x00009360                DATA_ROMDATA_START = 0x9360
                0x00000000                PROG_APPCODE_START = 0x0
                0x00006c00                PROG_APPCODE_END = 0x6c00
                0x00008c40                DATA_APPDATA_START = 0x8c40
                0x00008f00                DATA_APPDATA_END = 0x8f00
                0x80000000                $CODE$ = 0x80000000
                0x00000000                $DATA$ = 0x0
                0x0000ffe0                PROVIDE ($XAP_AH, 0xffe0)
                0x0000ffe1                PROVIDE ($XAP_AL, 0xffe1)
                0x0000ffe2                PROVIDE ($XAP_UXH, 0xffe2)
                0x0000ffe3                PROVIDE ($XAP_UXL, 0xffe3)
                0x0000ffe4                PROVIDE ($XAP_UY, 0xffe4)
                0x0000ffe5                PROVIDE ($XAP_IXH, 0xffe5)
                0x0000ffe6                PROVIDE ($XAP_IXL, 0xffe6)
                0x0000ffe7                PROVIDE ($XAP_IY, 0xffe7)
                0x00000008                . = 0x8

.app_ram_init   0x00000008        0x1
 *(RAM_APP_INIT)
 RAM_APP_INIT   0x00000008        0x1 C:\CSR_uEnergy_SDK-2.6.0.10\tools\lib\CSR101x_A05\libgatt_lib_ram.a(main_ram.o)
                0x00000008                main_ram_app_init

.fw_patch_bitmap
                0x00000009        0x6
 *(FW_PATCH_BITMAP)
 FW_PATCH_BITMAP
                0x00000009        0x6 C:\CSR_uEnergy_SDK-2.6.0.10\tools\lib\CSR101x_A05\libgatt_lib_ram.a(sw_patch_ram.o)
                0x00000009                patch_bitmap

.fw_patch_table
                0x0000000f        0x1
 *(FW_PATCH_TABLE)
 FW_PATCH_TABLE
                0x0000000f        0x1 C:\CSR_uEnergy_SDK-2.6.0.10\tools\lib\CSR101x_A05\libgatt_lib_ram.a(sw_patch_ram.o)
                0x0000000f                patch_table
                0x00000010                PROG_APPCODE_START = .

.text           0x00000010     0x178c load address 0x80000010
 *xap2crt0.o(.text)
 *xap2crt0.o(.text.*)
                0x00000010                PROG_PATCH_ADDRESS = .
 *(.hw_patch)
 .hw_patch      0x00000010      0x158 C:\CSR_uEnergy_SDK-2.6.0.10\tools\lib\CSR101x_A05\libgatt_lib_ram.a(patch_baldrick.o)
                0x00000010                hw_patch
 *(.text)
 .text          0x00000168       0x3c C:\CSR_uEnergy_SDK-2.6.0.10\tools\lib\CSR101x_A05\libgatt_lib_ram.a(sm_ram.o)
                0x00000196                SMDistributeMasterLtk
                0x00000168                ___libgatt_lib_db_476
                0x00000178                SMFeaturesReq
 .text          0x000001a4      0x1cf C:\CSR_uEnergy_SDK-2.6.0.10\tools\lib\CSR101x_A05\libgatt_lib_ram.a(patch_sm.o)
                0x000001d9                ___libgatt_lib_db_4591
                0x0000024d                ___libgatt_lib_db_4587
                0x0000023e                ___libgatt_lib_db_4593
                0x00000234                ___libgatt_lib_db_4589
                0x00000312                ___libgatt_lib_db_4592
                0x000002c3                ___libgatt_lib_db_4590
                0x0000026f                ___libgatt_lib_db_4602
                0x000001a4                ___libgatt_lib_db_4588
 .text          0x00000373        0xf C:\CSR_uEnergy_SDK-2.6.0.10\tools\lib\CSR101x_A05\libgatt_lib_ram.a(patch_sm_l2cap.o)
                0x00000373                ___libgatt_lib_db_4604
 *(.text.*)
 .text.AppDebugInit
                0x00000382        0x8 depend_Debug_CSR101x_A05\app_debug.o
                0x00000382                AppDebugInit
 .text.AppPowerOnReset
                0x0000038a        0x1 depend_Debug_CSR101x_A05\app_main.o
                0x0000038a                AppPowerOnReset
 .text.AppProcessSystemEvent
                0x0000038b        0x4 depend_Debug_CSR101x_A05\app_main.o
                0x0000038b                AppProcessSystemEvent
 .text.uartRxDataCallback
                0x0000038f        0x8 depend_Debug_CSR101x_A05\app_main.o
 .text.CopyArrayCheckIfDuplicate
                0x00000397       0x28 depend_Debug_CSR101x_A05\app_main.o
                0x00000397                CopyArrayCheckIfDuplicate
 .text.InitHeatMap
                0x000003bf       0x51 depend_Debug_CSR101x_A05\app_main.o
 .text.SendSerialDebugVars
                0x00000410       0x1e depend_Debug_CSR101x_A05\app_main.o
                0x00000410                SendSerialDebugVars
 .text.HandleTimer
                0x0000042e       0xcc depend_Debug_CSR101x_A05\app_main.o
 .text.SetRadioToIdle
                0x000004fa        0xf depend_Debug_CSR101x_A05\app_main.o
                0x000004fa                SetRadioToIdle
 .text.SetRadioToListen
                0x00000509       0x1f depend_Debug_CSR101x_A05\app_main.o
                0x00000509                SetRadioToListen
 .text.SetRadioToAdvertise
                0x00000528       0x65 depend_Debug_CSR101x_A05\app_main.o
                0x00000528                SetRadioToAdvertise
 .text.AppInit  0x0000058d       0x49 depend_Debug_CSR101x_A05\app_main.o
                0x0000058d                AppInit
 .text.ProcessPacket
                0x000005d6       0xa2 depend_Debug_CSR101x_A05\app_main.o
                0x000005d6                ProcessPacket
 .text.AppProcessLmEvent
                0x00000678       0x18 depend_Debug_CSR101x_A05\app_main.o
                0x00000678                AppProcessLmEvent
 .text.___libgatt_lib_db_4563
                0x00000690        0xe C:\CSR_uEnergy_SDK-2.6.0.10\tools\lib\CSR101x_A05\libgatt_lib_ram.a(patch_ls_advertising_if.o)
                0x00000690                ___libgatt_lib_db_4563
 .text.ls_advscan_set_payload_data
                0x0000069e       0x46 C:\CSR_uEnergy_SDK-2.6.0.10\tools\lib\CSR101x_A05\libgatt_lib_ram.a(patch_ls_advertising_if.o)
 .text.___libgatt_lib_db_4564
                0x000006e4        0xb C:\CSR_uEnergy_SDK-2.6.0.10\tools\lib\CSR101x_A05\libgatt_lib_ram.a(patch_ls_advertising_if.o)
                0x000006e4                ___libgatt_lib_db_4564
 .text.LsStoreAdvScanData
                0x000006ef        0xf C:\CSR_uEnergy_SDK-2.6.0.10\tools\lib\CSR101x_A05\libgatt_lib_ram.a(patch_ls_advertising_if.o)
                0x000006ef                LsStoreAdvScanData
 .text.LsStartStopAdvertise
                0x000006fe        0xc C:\CSR_uEnergy_SDK-2.6.0.10\tools\lib\CSR101x_A05\libgatt_lib_ram.a(patch_ls_advertising_if.o)
                0x000006fe                LsStartStopAdvertise
 .text.GattInit
                0x0000070a       0x24 C:\CSR_uEnergy_SDK-2.6.0.10\tools\lib\CSR101x_A05\libgatt_lib_ram.a(gatt_ram.o)
                0x0000070a                GattInit
 .text.DebugWriteString
                0x0000072e        0xa C:\CSR_uEnergy_SDK-2.6.0.10\tools\lib\CSR101x_A05\libgatt_lib_ram.a(debug.o)
                0x0000072e                DebugWriteString
 .text.write_uint_n
                0x00000738       0x30 C:\CSR_uEnergy_SDK-2.6.0.10\tools\lib\CSR101x_A05\libgatt_lib_ram.a(debug.o)
 .text.DebugWriteUint16
                0x00000768        0x6 C:\CSR_uEnergy_SDK-2.6.0.10\tools\lib\CSR101x_A05\libgatt_lib_ram.a(debug.o)
                0x00000768                DebugWriteUint16
 .text.DebugWriteUint8
                0x0000076e        0x6 C:\CSR_uEnergy_SDK-2.6.0.10\tools\lib\CSR101x_A05\libgatt_lib_ram.a(debug.o)
                0x0000076e                DebugWriteUint8
 .text.DebugInit
                0x00000774       0x20 C:\CSR_uEnergy_SDK-2.6.0.10\tools\lib\CSR101x_A05\libgatt_lib_ram.a(debug.o)
                0x00000774                DebugInit
 .text.patched_uart_do_tx
                0x00000794       0x1d C:\CSR_uEnergy_SDK-2.6.0.10\tools\lib\CSR101x_A05\libgatt_lib_ram.a(patch_uart.o)
 .text.stop_sb_timer
                0x000007b1        0xd C:\CSR_uEnergy_SDK-2.6.0.10\tools\lib\CSR101x_A05\libgatt_lib_ram.a(patch_uart.o)
 .text.patched_uart_out_event
                0x000007be        0x9 C:\CSR_uEnergy_SDK-2.6.0.10\tools\lib\CSR101x_A05\libgatt_lib_ram.a(patch_uart.o)
 .text.sb_timeout
                0x000007c7       0x12 C:\CSR_uEnergy_SDK-2.6.0.10\tools\lib\CSR101x_A05\libgatt_lib_ram.a(patch_uart.o)
 .text.UartWrite
                0x000007d9       0x4b C:\CSR_uEnergy_SDK-2.6.0.10\tools\lib\CSR101x_A05\libgatt_lib_ram.a(patch_uart.o)
                0x000007d9                UartWrite
 .text.UartWriteBlocking
                0x00000824       0x18 C:\CSR_uEnergy_SDK-2.6.0.10\tools\lib\CSR101x_A05\libgatt_lib_ram.a(patch_uart.o)
                0x00000824                UartWriteBlocking
 .text.UartConfig
                0x0000083c       0x33 C:\CSR_uEnergy_SDK-2.6.0.10\tools\lib\CSR101x_A05\libgatt_lib_ram.a(patch_uart.o)
                0x0000083c                UartConfig
 .text.UartInit
                0x0000086f       0x18 C:\CSR_uEnergy_SDK-2.6.0.10\tools\lib\CSR101x_A05\libgatt_lib_ram.a(patch_uart.o)
                0x0000086f                UartInit
 .text.ram_app_init
                0x00000887       0x33 C:\CSR_uEnergy_SDK-2.6.0.10\tools\lib\CSR101x_A05\libgatt_lib_ram.a(main_ram.o)
                0x00000887                ram_app_init
 .text.___libgatt_lib_db_4364
                0x000008ba        0x8 C:\CSR_uEnergy_SDK-2.6.0.10\tools\lib\CSR101x_A05\libgatt_lib_ram.a(hw_patch_install.o)
                0x000008ba                ___libgatt_lib_db_4364
 .text.IdGetLlVerBtle
                0x000008c2        0x3 C:\CSR_uEnergy_SDK-2.6.0.10\tools\lib\CSR101x_A05\libgatt_lib_ram.a(id_ram.o)
                0x000008c2                IdGetLlVerBtle
 .text.___libgatt_lib_db_4554
                0x000008c5        0x7 C:\CSR_uEnergy_SDK-2.6.0.10\tools\lib\CSR101x_A05\libgatt_lib_ram.a(patch_ls_app_if.o)
                0x000008c5                ___libgatt_lib_db_4554
 .text.patch_process_hci_event
                0x000008cc       0x32 C:\CSR_uEnergy_SDK-2.6.0.10\tools\lib\CSR101x_A05\libgatt_lib_ram.a(patch_ls_app_if.o)
 .text.___libgatt_lib_db_4568
                0x000008fe       0x10 C:\CSR_uEnergy_SDK-2.6.0.10\tools\lib\CSR101x_A05\libgatt_lib_ram.a(patch_ls_l2cap_if.o)
                0x000008fe                ___libgatt_lib_db_4568
 .text.___libgatt_lib_db_4569
                0x0000090e       0x11 C:\CSR_uEnergy_SDK-2.6.0.10\tools\lib\CSR101x_A05\libgatt_lib_ram.a(patch_ls_l2cap_if.o)
                0x0000090e                ___libgatt_lib_db_4569
 .text.___libgatt_lib_db_4573
                0x0000091f       0x1e C:\CSR_uEnergy_SDK-2.6.0.10\tools\lib\CSR101x_A05\libgatt_lib_ram.a(patch_l2cap.o)
                0x0000091f                ___libgatt_lib_db_4573
 .text.___libgatt_lib_db_4572
                0x0000093d        0xc C:\CSR_uEnergy_SDK-2.6.0.10\tools\lib\CSR101x_A05\libgatt_lib_ram.a(patch_l2cap.o)
                0x0000093d                ___libgatt_lib_db_4572
 .text.___libgatt_lib_db_4576
                0x00000949        0xe C:\CSR_uEnergy_SDK-2.6.0.10\tools\lib\CSR101x_A05\libgatt_lib_ram.a(patch_att_install.o)
                0x00000949                ___libgatt_lib_db_4576
 .text.patch_att_handle_execute_write_req
                0x00000957       0xff C:\CSR_uEnergy_SDK-2.6.0.10\tools\lib\CSR101x_A05\libgatt_lib_ram.a(patch_att_install.o)
 .text.patch_att_handle_read_multi_req
                0x00000a56       0xbc C:\CSR_uEnergy_SDK-2.6.0.10\tools\lib\CSR101x_A05\libgatt_lib_ram.a(patch_att_install.o)
 .text.ram_le_connection_timeout_A05
                0x00000b12       0x34 C:\CSR_uEnergy_SDK-2.6.0.10\tools\lib\CSR101x_A05\libgatt_lib_ram.a(patch_george.o)
 .text.___libgatt_lib_db_4607
                0x00000b46        0x8 C:\CSR_uEnergy_SDK-2.6.0.10\tools\lib\CSR101x_A05\libgatt_lib_ram.a(patch_george.o)
                0x00000b46                ___libgatt_lib_db_4607
 .text.___libgatt_lib_db_4614
                0x00000b4e       0x1b C:\CSR_uEnergy_SDK-2.6.0.10\tools\lib\CSR101x_A05\libgatt_lib_ram.a(patch_george.o)
                0x00000b4e                ___libgatt_lib_db_4614
 .text.___libgatt_lib_db_4613
                0x00000b69       0xde C:\CSR_uEnergy_SDK-2.6.0.10\tools\lib\CSR101x_A05\libgatt_lib_ram.a(patch_george.o)
                0x00000b69                ___libgatt_lib_db_4613
 .text.rx_timing_report
                0x00000c47       0xb6 C:\CSR_uEnergy_SDK-2.6.0.10\tools\lib\CSR101x_A05\libgatt_lib_ram.a(patch_george.o)
 .text.ram_le_handle_event
                0x00000cfd       0xeb C:\CSR_uEnergy_SDK-2.6.0.10\tools\lib\CSR101x_A05\libgatt_lib_ram.a(patch_george.o)
 .text.___libgatt_lib_db_4550
                0x00000de8       0x1f C:\CSR_uEnergy_SDK-2.6.0.10\tools\lib\CSR101x_A05\libgatt_lib_ram.a(patch_george.o)
                0x00000de8                ___libgatt_lib_db_4550
 .text.___libgatt_lib_db_4549
                0x00000e07       0x30 C:\CSR_uEnergy_SDK-2.6.0.10\tools\lib\CSR101x_A05\libgatt_lib_ram.a(patch_george.o)
                0x00000e07                ___libgatt_lib_db_4549
 .text.___libgatt_lib_db_4608
                0x00000e37      0x17f C:\CSR_uEnergy_SDK-2.6.0.10\tools\lib\CSR101x_A05\libgatt_lib_ram.a(patch_george.o)
                0x00000e37                ___libgatt_lib_db_4608
 .text.___libgatt_lib_db_4544
                0x00000fb6       0x26 C:\CSR_uEnergy_SDK-2.6.0.10\tools\lib\CSR101x_A05\libgatt_lib_ram.a(patch_george.o)
                0x00000fb6                ___libgatt_lib_db_4544
 .text.___libgatt_lib_db_4615
                0x00000fdc       0xb4 C:\CSR_uEnergy_SDK-2.6.0.10\tools\lib\CSR101x_A05\libgatt_lib_ram.a(patch_george.o)
                0x00000fdc                ___libgatt_lib_db_4615
 .text.___libgatt_lib_db_4626
                0x00001090        0xc C:\CSR_uEnergy_SDK-2.6.0.10\tools\lib\CSR101x_A05\libgatt_lib_ram.a(patch_george_ll.o)
                0x00001090                ___libgatt_lib_db_4626
 .text.___libgatt_lib_db_4625
                0x0000109c       0x11 C:\CSR_uEnergy_SDK-2.6.0.10\tools\lib\CSR101x_A05\libgatt_lib_ram.a(patch_george_ll.o)
                0x0000109c                ___libgatt_lib_db_4625
 .text.___libgatt_lib_db_4627
                0x000010ad      0x124 C:\CSR_uEnergy_SDK-2.6.0.10\tools\lib\CSR101x_A05\libgatt_lib_ram.a(patch_george_ll.o)
                0x000010ad                ___libgatt_lib_db_4627
 .text.___libgatt_lib_db_4632
                0x000011d1       0x5a C:\CSR_uEnergy_SDK-2.6.0.10\tools\lib\CSR101x_A05\libgatt_lib_ram.a(patch_george_adv.o)
                0x000011d1                ___libgatt_lib_db_4632
 .text.___libgatt_lib_db_4633
                0x0000122b       0x1b C:\CSR_uEnergy_SDK-2.6.0.10\tools\lib\CSR101x_A05\libgatt_lib_ram.a(patch_george_adv.o)
                0x0000122b                ___libgatt_lib_db_4633
 .text.___libgatt_lib_db_4642
                0x00001246       0x27 C:\CSR_uEnergy_SDK-2.6.0.10\tools\lib\CSR101x_A05\libgatt_lib_ram.a(patch_dbase.o)
                0x00001246                ___libgatt_lib_db_4642
 .text.___libgatt_lib_db_4636
                0x0000126d       0x1f C:\CSR_uEnergy_SDK-2.6.0.10\tools\lib\CSR101x_A05\libgatt_lib_ram.a(patch_dbase.o)
                0x0000126d                ___libgatt_lib_db_4636
 .text.dbase_safe_access_check_curr
                0x0000128c        0x3 C:\CSR_uEnergy_SDK-2.6.0.10\tools\lib\CSR101x_A05\libgatt_lib_ram.a(patch_dbase.o)
 .text.___libgatt_lib_db_4641
                0x0000128f       0x11 C:\CSR_uEnergy_SDK-2.6.0.10\tools\lib\CSR101x_A05\libgatt_lib_ram.a(patch_dbase.o)
                0x0000128f                ___libgatt_lib_db_4641
 .text.___libgatt_lib_db_4639
                0x000012a0       0x11 C:\CSR_uEnergy_SDK-2.6.0.10\tools\lib\CSR101x_A05\libgatt_lib_ram.a(patch_dbase.o)
                0x000012a0                ___libgatt_lib_db_4639
 .text.___libgatt_lib_db_4638
                0x000012b1        0xf C:\CSR_uEnergy_SDK-2.6.0.10\tools\lib\CSR101x_A05\libgatt_lib_ram.a(patch_dbase.o)
                0x000012b1                ___libgatt_lib_db_4638
 .text.___libgatt_lib_db_4637
                0x000012c0        0x7 C:\CSR_uEnergy_SDK-2.6.0.10\tools\lib\CSR101x_A05\libgatt_lib_ram.a(patch_dbase.o)
                0x000012c0                ___libgatt_lib_db_4637
 .text.___libgatt_lib_db_4651
                0x000012c7        0xc C:\CSR_uEnergy_SDK-2.6.0.10\tools\lib\CSR101x_A05\libgatt_lib_ram.a(hal_debugbus_state.o)
                0x000012c7                ___libgatt_lib_db_4651
 .text.___libgatt_lib_db_4650
                0x000012d3        0xc C:\CSR_uEnergy_SDK-2.6.0.10\tools\lib\CSR101x_A05\libgatt_lib_ram.a(hal_debugbus_state.o)
                0x000012d3                ___libgatt_lib_db_4650
 .text.___libgatt_lib_db_4206
                0x000012df       0x1d C:\CSR_uEnergy_SDK-2.6.0.10\tools\lib\CSR101x_A05\libgatt_lib_ram.a(patch_halradiotrim.o)
                0x000012df                ___libgatt_lib_db_4206
 .text.___libgatt_lib_db_4208
                0x000012fc       0x11 C:\CSR_uEnergy_SDK-2.6.0.10\tools\lib\CSR101x_A05\libgatt_lib_ram.a(patch_halradiotrim.o)
                0x000012fc                ___libgatt_lib_db_4208
 .text.___libgatt_lib_db_4209
                0x0000130d       0x4d C:\CSR_uEnergy_SDK-2.6.0.10\tools\lib\CSR101x_A05\libgatt_lib_ram.a(patch_halradiotrim.o)
                0x0000130d                ___libgatt_lib_db_4209
 .text.RAM_set_tx_power_parameters
                0x0000135a       0x57 C:\CSR_uEnergy_SDK-2.6.0.10\tools\lib\CSR101x_A05\libgatt_lib_ram.a(patch_halradiotrim.o)
 .text.___libgatt_lib_db_4657
                0x000013b1        0xf C:\CSR_uEnergy_SDK-2.6.0.10\tools\lib\CSR101x_A05\libgatt_lib_ram.a(patch_halradiotrim.o)
                0x000013b1                ___libgatt_lib_db_4657
 .text.___libgatt_lib_db_4655
                0x000013c0        0xa C:\CSR_uEnergy_SDK-2.6.0.10\tools\lib\CSR101x_A05\libgatt_lib_ram.a(patch_halradiotrim.o)
                0x000013c0                ___libgatt_lib_db_4655
 .text.___libgatt_lib_db_4205
                0x000013ca        0x9 C:\CSR_uEnergy_SDK-2.6.0.10\tools\lib\CSR101x_A05\libgatt_lib_ram.a(patch_halradiotrim.o)
                0x000013ca                ___libgatt_lib_db_4205
 .text.___libgatt_lib_db_4663
                0x000013d3       0x55 C:\CSR_uEnergy_SDK-2.6.0.10\tools\lib\CSR101x_A05\libgatt_lib_ram.a(patch_halradio.o)
                0x000013d3                ___libgatt_lib_db_4663
 .text.___libgatt_lib_db_4665
                0x00001428       0x24 C:\CSR_uEnergy_SDK-2.6.0.10\tools\lib\CSR101x_A05\libgatt_lib_ram.a(patch_timer.o)
                0x00001428                ___libgatt_lib_db_4665
 .text.___libgatt_lib_db_4668
                0x0000144c       0x1d C:\CSR_uEnergy_SDK-2.6.0.10\tools\lib\CSR101x_A05\libgatt_lib_ram.a(patch_sleep.o)
                0x0000144c                ___libgatt_lib_db_4668
 .text.___libgatt_lib_db_4207
                0x00001469        0xd C:\CSR_uEnergy_SDK-2.6.0.10\tools\lib\CSR101x_A05\libgatt_lib_ram.a(patch_reset.o)
                0x00001469                ___libgatt_lib_db_4207
 .text.___libgatt_lib_db_4670
                0x00001476       0x69 C:\CSR_uEnergy_SDK-2.6.0.10\tools\lib\CSR101x_A05\libgatt_lib_ram.a(patch_pools.o)
                0x00001476                ___libgatt_lib_db_4670
 .text.___libgatt_lib_db_4673
                0x000014df        0xf C:\CSR_uEnergy_SDK-2.6.0.10\tools\lib\CSR101x_A05\libgatt_lib_ram.a(patch_background_loop.o)
                0x000014df                ___libgatt_lib_db_4673
 .text.___libgatt_lib_db_4675
                0x000014ee        0x5 C:\CSR_uEnergy_SDK-2.6.0.10\tools\lib\CSR101x_A05\libgatt_lib_ram.a(patch_fault.o)
                0x000014ee                ___libgatt_lib_db_4675
 .text.___libgatt_lib_db_4694
                0x000014f3       0x3b C:\CSR_uEnergy_SDK-2.6.0.10\tools\lib\CSR101x_A05\libgatt_lib_ram.a(patch_pmu.o)
                0x000014f3                ___libgatt_lib_db_4694
 .text.___libgatt_lib_db_4693
                0x0000152e       0x19 C:\CSR_uEnergy_SDK-2.6.0.10\tools\lib\CSR101x_A05\libgatt_lib_ram.a(patch_pmu.o)
                0x0000152e                ___libgatt_lib_db_4693
 .text.___libgatt_lib_db_4691
                0x00001547       0x1e C:\CSR_uEnergy_SDK-2.6.0.10\tools\lib\CSR101x_A05\libgatt_lib_ram.a(patch_pmu.o)
                0x00001547                ___libgatt_lib_db_4691
 .text.___libgatt_lib_db_4692
                0x00001565       0x2e C:\CSR_uEnergy_SDK-2.6.0.10\tools\lib\CSR101x_A05\libgatt_lib_ram.a(patch_pmu.o)
                0x00001565                ___libgatt_lib_db_4692
 .text.___libgatt_lib_db_4214
                0x00001593      0x15c C:\CSR_uEnergy_SDK-2.6.0.10\tools\lib\CSR101x_A05\libgatt_lib_ram.a(patch_thermometer.o)
                0x00001593                ___libgatt_lib_db_4214
 .text.___libgatt_lib_db_4706
                0x000016ef       0x86 C:\CSR_uEnergy_SDK-2.6.0.10\tools\lib\CSR101x_A05\libgatt_lib_ram.a(patch_updates.o)
                0x000016ef                ___libgatt_lib_db_4706
 .text.___libgatt_lib_db_4708
                0x00001775       0x27 C:\CSR_uEnergy_SDK-2.6.0.10\tools\lib\CSR101x_A05\libgatt_lib_ram.a(patch_adc.o)
                0x00001775                ___libgatt_lib_db_4708
 *(.apptext)
 *(.apptext.*)
 *xap2crte.o(.text)
 *xap2crte.o(.text.*)
                0x0000179c                PROG_APPCODE_END = .
                0x0000379c                DATA_CONST_START = (DATA_RAM_START + .)
                0x0000379c                . = DATA_CONST_START

.const
 *(CONST)
 *(CONST.*)
                0x0000379c                DATA_CONST_END = .
                0x0000379c                DATA_RODATA_START = .
                0x0000379d                . = (. + 0x1)

.rodata         0x0000379d       0x80
 *(.rodata)
 .rodata        0x0000379d       0x2f depend_Debug_CSR101x_A05\app_main.o
 *(.rodata.*)
 .rodata.HandleTimer
                0x000037cc        0x9 depend_Debug_CSR101x_A05\app_main.o
 .rodata.ram_build_identifier_integer
                0x000037d5        0x1 C:\CSR_uEnergy_SDK-2.6.0.10\tools\lib\CSR101x_A05\libgatt_lib_ram.a(id_ram.o)
                0x000037d5                ram_build_identifier_integer
 .rodata.ram_build_identifier_string
                0x000037d6       0x16 C:\CSR_uEnergy_SDK-2.6.0.10\tools\lib\CSR101x_A05\libgatt_lib_ram.a(id_ram.o)
                0x000037d6                ram_build_identifier_string
 .rodata.slut_extended
                0x000037ec        0x9 C:\CSR_uEnergy_SDK-2.6.0.10\tools\lib\CSR101x_A05\libgatt_lib_ram.a(slut.o)
                0x000037ec                ___libgatt_lib_db_4710
 .rodata.tx_power_table
                0x000037f5       0x28 C:\CSR_uEnergy_SDK-2.6.0.10\tools\lib\CSR101x_A05\libgatt_lib_ram.a(patch_halradiotrim.o)
                0x000037f5                ___libgatt_lib_db_4662
                0x0000381d                DATA_RODATA_END = .

.bss            0x0000381e       0xcc
                0x0000381e                DATA_BSS_APP_START = .
 *(.bss)
 .bss           0x0000381e        0x3 C:\CSR_uEnergy_SDK-2.6.0.10\tools\lib\CSR101x_A05\libgatt_lib_ram.a(patch_sm.o)
                0x0000381e                sm_security_started
 .bss           0x00003821        0x1 C:\CSR_uEnergy_SDK-2.6.0.10\tools\lib\CSR101x_A05\libgatt_lib_ram.a(patch_sm_l2cap.o)
 *(.bss.*)
 .bss.ledBlinkCount.2564.
                0x00003822        0x1 depend_Debug_CSR101x_A05\app_main.o
 .bss.state.2563.
                0x00003823        0x1 depend_Debug_CSR101x_A05\app_main.o
 .bss.priorReceivedData.2651.
                0x00003824        0x9 depend_Debug_CSR101x_A05\app_main.o
 .bss.app_timers
                0x0000382d        0xc depend_Debug_CSR101x_A05\app_main.o
 .bss.processedPacketCalls
                0x00003839        0x1 depend_Debug_CSR101x_A05\app_main.o
 .bss.processedPacketSuccess
                0x0000383a        0x1 depend_Debug_CSR101x_A05\app_main.o
 .bss.handleTimerCalls
                0x0000383b        0x1 depend_Debug_CSR101x_A05\app_main.o
 .bss.setRadioToAdvertiseCalls
                0x0000383c        0x1 depend_Debug_CSR101x_A05\app_main.o
 .bss.setRadioToListenCalls
                0x0000383d        0x1 depend_Debug_CSR101x_A05\app_main.o
 .bss.appProcessLmEventCalls
                0x0000383e        0x1 depend_Debug_CSR101x_A05\app_main.o
 .bss.__PATCH__ZERO_
                0x0000383f        0x1 C:\CSR_uEnergy_SDK-2.6.0.10\tools\lib\CSR101x_A05\libgatt_lib_ram.a(patch_ls_advertising_if.o)
 .bss.uart_rx_buffer
                0x00003840       0x40 C:\CSR_uEnergy_SDK-2.6.0.10\tools\lib\CSR101x_A05\libgatt_lib_ram.a(debug.o)
 .bss.uart_tx_buffer
                0x00003880       0x40 C:\CSR_uEnergy_SDK-2.6.0.10\tools\lib\CSR101x_A05\libgatt_lib_ram.a(debug.o)
 .bss.__PATCH__ZERO_
                0x000038c0        0x1 C:\CSR_uEnergy_SDK-2.6.0.10\tools\lib\CSR101x_A05\libgatt_lib_ram.a(patch_uart.o)
 .bss.uart_sb_timer_id
                0x000038c1        0x1 C:\CSR_uEnergy_SDK-2.6.0.10\tools\lib\CSR101x_A05\libgatt_lib_ram.a(patch_uart.o)
 .bss.uart_sb_timeout
                0x000038c2        0x2 C:\CSR_uEnergy_SDK-2.6.0.10\tools\lib\CSR101x_A05\libgatt_lib_ram.a(patch_uart.o)
 .bss.__PATCH__ZERO_
                0x000038c4        0x1 C:\CSR_uEnergy_SDK-2.6.0.10\tools\lib\CSR101x_A05\libgatt_lib_ram.a(patch_ls_l2cap_if.o)
 .bss.__PATCH__ZERO_
                0x000038c5        0x1 C:\CSR_uEnergy_SDK-2.6.0.10\tools\lib\CSR101x_A05\libgatt_lib_ram.a(patch_l2cap.o)
 .bss.patch_pending
                0x000038c6        0x1 C:\CSR_uEnergy_SDK-2.6.0.10\tools\lib\CSR101x_A05\libgatt_lib_ram.a(patch_george.o)
                0x000038c6                patch_pending
 .bss.patch_rx_timing_report
                0x000038c7        0x1 C:\CSR_uEnergy_SDK-2.6.0.10\tools\lib\CSR101x_A05\libgatt_lib_ram.a(patch_george.o)
                0x000038c7                patch_rx_timing_report
 .bss.patch_pending_mode
                0x000038c8        0x1 C:\CSR_uEnergy_SDK-2.6.0.10\tools\lib\CSR101x_A05\libgatt_lib_ram.a(patch_george.o)
                0x000038c8                patch_pending_mode
 .bss.__PATCH__ZERO_
                0x000038c9        0x1 C:\CSR_uEnergy_SDK-2.6.0.10\tools\lib\CSR101x_A05\libgatt_lib_ram.a(patch_george.o)
 .bss.__PATCH__ZERO_
                0x000038ca        0x1 C:\CSR_uEnergy_SDK-2.6.0.10\tools\lib\CSR101x_A05\libgatt_lib_ram.a(patch_halradiotrim.o)
 .bss.tx_power_table_entry
                0x000038cb        0x1 C:\CSR_uEnergy_SDK-2.6.0.10\tools\lib\CSR101x_A05\libgatt_lib_ram.a(patch_halradiotrim.o)
 .bss.__PATCH__ZERO_
                0x000038cc        0x1 C:\CSR_uEnergy_SDK-2.6.0.10\tools\lib\CSR101x_A05\libgatt_lib_ram.a(patch_timer.o)
 .bss.__PATCH__ZERO_
                0x000038cd        0x1 C:\CSR_uEnergy_SDK-2.6.0.10\tools\lib\CSR101x_A05\libgatt_lib_ram.a(patch_pmu.o)
 .bss.enable_lo_offset_adc_update
                0x000038ce        0x1 C:\CSR_uEnergy_SDK-2.6.0.10\tools\lib\CSR101x_A05\libgatt_lib_ram.a(patch_thermometer.o)
                0x000038ce                enable_lo_offset_adc_update
 .bss.__PATCH__ZERO_
                0x000038cf        0x1 C:\CSR_uEnergy_SDK-2.6.0.10\tools\lib\CSR101x_A05\libgatt_lib_ram.a(patch_thermometer.o)
 .bss.__PATCH__ZERO_
                0x000038d0        0x1 C:\CSR_uEnergy_SDK-2.6.0.10\tools\lib\CSR101x_A05\libgatt_lib_ram.a(patch_updates.o)
 COMMON         0x000038d1       0x13 depend_Debug_CSR101x_A05\app_main.o
                0x000038d1                broadcast_tid
                0x000038d2                priorAdvData
                0x000038db                advData
 COMMON         0x000038e4        0x2 C:\CSR_uEnergy_SDK-2.6.0.10\tools\lib\CSR101x_A05\libgatt_lib_ram.a(patch_sm.o)
                0x000038e4                sm_long_term_key_ind
                0x000038e5                sm_pairing_auth_ind
 COMMON         0x000038e6        0x1 C:\CSR_uEnergy_SDK-2.6.0.10\tools\lib\CSR101x_A05\libgatt_lib_ram.a(patch_george.o)
                0x000038e6                enable_lowduty_directed_adv
 COMMON         0x000038e7        0x3 C:\CSR_uEnergy_SDK-2.6.0.10\tools\lib\CSR101x_A05\libgatt_lib_ram.a(patch_george_ll.o)
                0x000038e7                george_earliest_transmit_offset
                0x000038ea                DATA_BSS_APP_END = .
                0x000000cc                BSS_APP_SIZE = (DATA_BSS_APP_END - DATA_BSS_APP_START)

.data           0x000038ea       0x4e
                0x000038ea                DATA_DATA_START = .
 *(.data)
 *(.data.*)
 .data.autoIncrement
                0x000038ea        0x1 depend_Debug_CSR101x_A05\app_main.o
 .data.ad_flags
                0x000038eb        0x1 C:\CSR_uEnergy_SDK-2.6.0.10\tools\lib\CSR101x_A05\libgatt_lib_ram.a(patch_ls_advertising_if.o)
 .data.patch_table_data
                0x000038ec       0x48 C:\CSR_uEnergy_SDK-2.6.0.10\tools\lib\CSR101x_A05\libgatt_lib_ram.a(sw_patch_ram.o)
                0x000038ec                ___libgatt_lib_db_4542
 .data.pending_pdu_acks
                0x00003934        0x1 C:\CSR_uEnergy_SDK-2.6.0.10\tools\lib\CSR101x_A05\libgatt_lib_ram.a(patch_george_ll.o)
                0x00003934                ___libgatt_lib_db_4628
 .data.tgap_con_param_update
                0x00003935        0x1 C:\CSR_uEnergy_SDK-2.6.0.10\tools\lib\CSR101x_A05\libgatt_lib_ram.a(patch_timer.o)
                0x00003935                ___libgatt_lib_db_4667
 .data.lo_offset_adc_update_temp
                0x00003936        0x1 C:\CSR_uEnergy_SDK-2.6.0.10\tools\lib\CSR101x_A05\libgatt_lib_ram.a(patch_thermometer.o)
 .data.xtal_trim_temp
                0x00003937        0x1 C:\CSR_uEnergy_SDK-2.6.0.10\tools\lib\CSR101x_A05\libgatt_lib_ram.a(patch_thermometer.o)
                0x00003938                DATA_DATA_END = .
                0x0000ef80                . = DATA_PERSIST_START

PERSIST_MEM
 *(PERSIST_MEM)
 *(PERSIST_MEM.*)
                0x0000ef80                DATA_PERSIST_MEM_END = .
                0x00009f84                . = DATA_CSTORE_START

CONFIG_STORE    0x00009f84       0x4b
 *(CONFIG_STORE)
 CONFIG_STORE   0x00009f84       0x4b C:\CSR_uEnergy_SDK-2.6.0.10\tools\lib\CSR101x_A05\libgatt_lib_ram.a(CONFIG_STORE.o)
                0x00009f84                ___libgatt_lib_db_4269
 *(CONFIG_STORE.*)
                0x00009fcf                DATA_CSTORE_END = .
                0x0000004b                CS_SIZE = (DATA_CSTORE_END - DATA_CSTORE_START)
                0x00009fdc                . = ((DATA_RAM_END - PRESERVE_SIZE) - SLT_SIZE)

SLT             0x00009fdc        0x4
                0x00009fdc                SLT_START = .
 *(SLT)
 SLT            0x00009fdc        0x4 C:\CSR_uEnergy_SDK-2.6.0.10\tools\lib\CSR101x_A05\libgatt_lib_ram.a(slut.o)
                0x00009fdc                slut
 *(SLT.*)

.preserved      0x00009fe0        0x0
                0x00009fe0                PRESERVED_START = .
 *(PRES_DATA)
 *(PRES_DATA.*)
                0x00009f84                STACK_END = DATA_CSTORE_START
                0x00009c84                . = ((STACK_END - ISTACK_SIZE) - USTACK_SIZE)

.stack          0x00009c84      0x300
                0x00009c84                STACK_START = .
                0x00009c84                USTACK_START = .
                0x00009e84                USTACK_END = (USTACK_START + USTACK_SIZE)
 *(USTACK)
 *(USTACK.*)
                0x00009e84                . = USTACK_END
 *fill*         0x00009c84      0x400 00
                0x00009e84                ISTACK_START = .
                0x00009f84                ISTACK_END = (ISTACK_START + ISTACK_SIZE)
 *(ISTACK)
 *(ISTACK.*)
                0x00009f84                . = ISTACK_END
 *fill*         0x00009e84      0x200 00
                0x00009c84                ALIGNED_DATA_END = STACK_START
                0x00009950                . = (((ALIGNED_DATA_END - RADIODATA_SIZE) - WHITELIST_SIZE) - RADIOBUFS_SIZE)

.aligned_data   0x00009950      0x334
                0x00009950                ALIGNED_DATA_START = .
                0x00009950                DATA_RADIOBUFS_START = .
 *(RADINITTBL)
                0x00009b00                . = (ALIGNED_DATA_START + RADIOBUFS_SIZE)
 *fill*         0x00009950      0x360 00
                0x00009b00                DATA_WHITELIST_START = .
                0x00009b20                . = (DATA_WHITELIST_START + WHITELIST_SIZE)
 *fill*         0x00009b00       0x40 00
 *(.romradiodata)
 .romradiodata  0x00009b20      0x164 C:\CSR_uEnergy_SDK-2.6.0.10\tools\lib\CSR101x_A05\libgatt_lib_ram.a(.romradiodata.o)
                0x00009b20                DATA_TIMERSTRUCT_START
                0x00009b80                ___libgatt_lib_db_4171
                0x00009b20                ___libgatt_lib_db_4173
                0x00009b80                DATA_RCLUTS_START
                0x00009c84                ALIGN_END_ACTUAL = .
                0x00000001                ASSERT ((DATA_APPDATA_END > DATA_DATA_END), RAM DATA exceeds limit.)
LOAD c:/csr_uenergy_sdk-2.6.0.10/tools/bin/../lib/gcc/xap-local-xap/4.3.4\libgcc.a
OUTPUT(depend_Debug_CSR101x_A05\T2L.elf elf32-xap2)

.debug_abbrev   0x00000000      0x1a0
 .debug_abbrev  0x00000000       0x92 depend_Debug_CSR101x_A05\app_debug.o
 .debug_abbrev  0x00000123      0x10f depend_Debug_CSR101x_A05\app_main.o

.debug_info     0x00000000     0x1754
 .debug_info    0x00000000      0x135 depend_Debug_CSR101x_A05\app_debug.o
 .debug_info    0x0000026a     0x161f depend_Debug_CSR101x_A05\app_main.o

.debug_line     0x00000000      0x499
 .debug_line    0x00000000      0x117 depend_Debug_CSR101x_A05\app_debug.o
 .debug_line    0x0000022e      0x382 depend_Debug_CSR101x_A05\app_main.o

.debug_frame    0x00000000       0xe4
 .debug_frame   0x00000000       0x44 depend_Debug_CSR101x_A05\app_debug.o
 .debug_frame   0x00000088       0xa0 depend_Debug_CSR101x_A05\app_main.o

.debug_loc      0x00000000      0x108
 .debug_loc     0x00000000       0x4e depend_Debug_CSR101x_A05\app_debug.o
 .debug_loc     0x0000009b       0xba depend_Debug_CSR101x_A05\app_main.o

.debug_pubnames
                0x00000000       0xc3
 .debug_pubnames
                0x00000000       0x36 depend_Debug_CSR101x_A05\app_debug.o
 .debug_pubnames
                0x0000006c       0x8d depend_Debug_CSR101x_A05\app_main.o

.debug_aranges  0x00000000       0x60
 .debug_aranges
                0x00000000       0x20 depend_Debug_CSR101x_A05\app_debug.o
 .debug_aranges
                0x00000040       0x40 depend_Debug_CSR101x_A05\app_main.o

.debug_ranges   0x00000000       0x58
 .debug_ranges  0x00000000       0x1c depend_Debug_CSR101x_A05\app_debug.o
 .debug_ranges  0x00000038       0x3c depend_Debug_CSR101x_A05\app_main.o

.debug_str      0x00000000     0x2098
 .debug_str     0x00000000       0x96 depend_Debug_CSR101x_A05\app_debug.o
                                 0xbb (size before relaxing)
 .debug_str     0x0000012b     0x2003 depend_Debug_CSR101x_A05\app_main.o
                               0x20be (size before relaxing)

.comment        0x00000000      0x386
 .comment       0x00000000       0x16 depend_Debug_CSR101x_A05\app_debug.o
 .comment       0x00000016       0x16 depend_Debug_CSR101x_A05\app_main.o
 .comment       0x0000002c       0x1a C:\CSR_uEnergy_SDK-2.6.0.10\tools\lib\CSR101x_A05\libgatt_lib_ram.a(patch_ls_advertising_if.o)
 .comment       0x00000046       0x1a C:\CSR_uEnergy_SDK-2.6.0.10\tools\lib\CSR101x_A05\libgatt_lib_ram.a(gatt_ram.o)
 .comment       0x00000060       0x1a C:\CSR_uEnergy_SDK-2.6.0.10\tools\lib\CSR101x_A05\libgatt_lib_ram.a(sm_ram.o)
 .comment       0x0000007a       0x1a C:\CSR_uEnergy_SDK-2.6.0.10\tools\lib\CSR101x_A05\libgatt_lib_ram.a(patch_sm.o)
 .comment       0x00000094       0x1a C:\CSR_uEnergy_SDK-2.6.0.10\tools\lib\CSR101x_A05\libgatt_lib_ram.a(debug.o)
 .comment       0x000000ae       0x1a C:\CSR_uEnergy_SDK-2.6.0.10\tools\lib\CSR101x_A05\libgatt_lib_ram.a(patch_uart.o)
 .comment       0x000000c8       0x1a C:\CSR_uEnergy_SDK-2.6.0.10\tools\lib\CSR101x_A05\libgatt_lib_ram.a(main_ram.o)
 .comment       0x000000e2       0x1a C:\CSR_uEnergy_SDK-2.6.0.10\tools\lib\CSR101x_A05\libgatt_lib_ram.a(hw_patch_install.o)
 .comment       0x000000fc       0x1a C:\CSR_uEnergy_SDK-2.6.0.10\tools\lib\CSR101x_A05\libgatt_lib_ram.a(id_ram.o)
 .comment       0x00000116       0x1a C:\CSR_uEnergy_SDK-2.6.0.10\tools\lib\CSR101x_A05\libgatt_lib_ram.a(slut.o)
 .comment       0x00000130       0x1a C:\CSR_uEnergy_SDK-2.6.0.10\tools\lib\CSR101x_A05\libgatt_lib_ram.a(sw_patch_ram.o)
 .comment       0x0000014a       0x1a C:\CSR_uEnergy_SDK-2.6.0.10\tools\lib\CSR101x_A05\libgatt_lib_ram.a(patch_ls_app_if.o)
 .comment       0x00000164       0x1a C:\CSR_uEnergy_SDK-2.6.0.10\tools\lib\CSR101x_A05\libgatt_lib_ram.a(patch_ls_l2cap_if.o)
 .comment       0x0000017e       0x1a C:\CSR_uEnergy_SDK-2.6.0.10\tools\lib\CSR101x_A05\libgatt_lib_ram.a(patch_l2cap.o)
 .comment       0x00000198       0x1a C:\CSR_uEnergy_SDK-2.6.0.10\tools\lib\CSR101x_A05\libgatt_lib_ram.a(patch_att_install.o)
 .comment       0x000001b2       0x1a C:\CSR_uEnergy_SDK-2.6.0.10\tools\lib\CSR101x_A05\libgatt_lib_ram.a(patch_sm_l2cap.o)
 .comment       0x000001cc       0x1a C:\CSR_uEnergy_SDK-2.6.0.10\tools\lib\CSR101x_A05\libgatt_lib_ram.a(patch_george.o)
 .comment       0x000001e6       0x1a C:\CSR_uEnergy_SDK-2.6.0.10\tools\lib\CSR101x_A05\libgatt_lib_ram.a(patch_george_ll.o)
 .comment       0x00000200       0x1a C:\CSR_uEnergy_SDK-2.6.0.10\tools\lib\CSR101x_A05\libgatt_lib_ram.a(patch_george_adv.o)
 .comment       0x0000021a       0x1a C:\CSR_uEnergy_SDK-2.6.0.10\tools\lib\CSR101x_A05\libgatt_lib_ram.a(patch_dbase.o)
 .comment       0x00000234       0x1a C:\CSR_uEnergy_SDK-2.6.0.10\tools\lib\CSR101x_A05\libgatt_lib_ram.a(hal_debugbus_state.o)
 .comment       0x0000024e       0x1a C:\CSR_uEnergy_SDK-2.6.0.10\tools\lib\CSR101x_A05\libgatt_lib_ram.a(patch_halradiotrim.o)
 .comment       0x00000268       0x1a C:\CSR_uEnergy_SDK-2.6.0.10\tools\lib\CSR101x_A05\libgatt_lib_ram.a(patch_halradio.o)
 .comment       0x00000282       0x1a C:\CSR_uEnergy_SDK-2.6.0.10\tools\lib\CSR101x_A05\libgatt_lib_ram.a(patch_timer.o)
 .comment       0x0000029c       0x1a C:\CSR_uEnergy_SDK-2.6.0.10\tools\lib\CSR101x_A05\libgatt_lib_ram.a(patch_sleep.o)
 .comment       0x000002b6       0x1a C:\CSR_uEnergy_SDK-2.6.0.10\tools\lib\CSR101x_A05\libgatt_lib_ram.a(patch_reset.o)
 .comment       0x000002d0       0x1a C:\CSR_uEnergy_SDK-2.6.0.10\tools\lib\CSR101x_A05\libgatt_lib_ram.a(patch_pools.o)
 .comment       0x000002ea       0x1a C:\CSR_uEnergy_SDK-2.6.0.10\tools\lib\CSR101x_A05\libgatt_lib_ram.a(patch_background_loop.o)
 .comment       0x00000304       0x1a C:\CSR_uEnergy_SDK-2.6.0.10\tools\lib\CSR101x_A05\libgatt_lib_ram.a(patch_fault.o)
 .comment       0x0000031e       0x1a C:\CSR_uEnergy_SDK-2.6.0.10\tools\lib\CSR101x_A05\libgatt_lib_ram.a(patch_pmu.o)
 .comment       0x00000338       0x1a C:\CSR_uEnergy_SDK-2.6.0.10\tools\lib\CSR101x_A05\libgatt_lib_ram.a(patch_thermometer.o)
 .comment       0x00000352       0x1a C:\CSR_uEnergy_SDK-2.6.0.10\tools\lib\CSR101x_A05\libgatt_lib_ram.a(patch_updates.o)
 .comment       0x0000036c       0x1a C:\CSR_uEnergy_SDK-2.6.0.10\tools\lib\CSR101x_A05\libgatt_lib_ram.a(patch_adc.o)
